// Jest Snapshot v1, https://goo.gl/fbAQLP

exports[`user matches 1`] = `
Object {
  "age": 24,
  "job": "Frontend Developer",
  "name": "Luisa Oliveia",
}
`;
